[hellointerview] sitemap lists 4267 question URLs
  [1/4267] Design Amazon Music
  [2/4267] Design a movie ticket booking system
  [3/4267] Design a large model file distribution system
  [4/4267] Describe a difficult interaction you had with a customer.
  [5/4267] Tell me about a time you had to design a job scheduler or similar system
  [25/4267] Design a crossword puzzle service
  [50/4267] Design a healthcare platform
  [75/4267] CSV Parser for Data Ingestion and Classification
  [100/4267] Give me an example of a time you committed to a group decision even though you d
  [125/4267] Give me an example of a time you proposed a novel approach to a problem.
  [150/4267] Leetcode 1747. Leetflex Banned Accounts
  [175/4267] Give an example of a situation where you had to overcome a significant setback o
  [200/4267] Describe experience working on a complex project
  [202/4267] ERROR https://www.hellointerview.com/community/questions/handling-negative-feedback/cm6jww2z0009rui4b8wwh3nrd: <urlopen error [Errno 104] Connection reset by peer>
  [225/4267] Leetcode 528. Random Pick with Weight
  [250/4267] Leetcode 2499. Minimum Total Cost to Make Arrays Unequal
  [275/4267] Leetcode 870. Advantage Shuffle
[hellointerview] FAILED: [Errno 13] Permission denied: '/mnt/c/Users/thinh/EDUCATION/AdvanceAcademy/AdvanceAcademyTools/docs/research/extracted/hellointerview_questions.xlsx.tmp' -> '/mnt/c/Users/thinh/EDUCATION/AdvanceAcademy/AdvanceAcademyTools/docs/research/extracted/hellointerview_questions.xlsx'

Total questions scraped: 0
